  assets.cpp
C:\ITA\Prof\CMC12\EXAME\Rede Neural - Backup_v2\Rede Neural\assets.cpp(17,27): warning C4244: 'argumento': conversão de 'double' para 'float', possível perda de dados
C:\ITA\Prof\CMC12\EXAME\Rede Neural - Backup_v2\Rede Neural\assets.cpp(18,27): warning C4244: 'argumento': conversão de 'double' para 'float', possível perda de dados
C:\ITA\Prof\CMC12\EXAME\Rede Neural - Backup_v2\Rede Neural\assets.cpp(18,19): warning C4244: 'argumento': conversão de 'double' para 'float', possível perda de dados
  drone.cpp
C:\ITA\Prof\CMC12\EXAME\Rede Neural - Backup_v2\Rede Neural\drone.cpp(42,58): warning C4244: 'argumento': conversão de 'double' para 'float', possível perda de dados
C:\ITA\Prof\CMC12\EXAME\Rede Neural - Backup_v2\Rede Neural\drone.cpp(42,46): warning C4244: 'argumento': conversão de 'double' para 'float', possível perda de dados
C:\ITA\Prof\CMC12\EXAME\Rede Neural - Backup_v2\Rede Neural\drone.cpp(43,50): warning C4244: 'argumento': conversão de 'double' para 'float', possível perda de dados
C:\ITA\Prof\CMC12\EXAME\Rede Neural - Backup_v2\Rede Neural\drone.cpp(44,48): warning C4244: 'argumento': conversão de 'double' para 'T', possível perda de dados
C:\ITA\Prof\CMC12\EXAME\Rede Neural - Backup_v2\Rede Neural\drone.cpp(44,48): warning C4244:         with
C:\ITA\Prof\CMC12\EXAME\Rede Neural - Backup_v2\Rede Neural\drone.cpp(44,48): warning C4244:         [
C:\ITA\Prof\CMC12\EXAME\Rede Neural - Backup_v2\Rede Neural\drone.cpp(44,48): warning C4244:             T=float
C:\ITA\Prof\CMC12\EXAME\Rede Neural - Backup_v2\Rede Neural\drone.cpp(44,48): warning C4244:         ]
C:\ITA\Prof\CMC12\EXAME\Rede Neural - Backup_v2\Rede Neural\drone.cpp(45,97): warning C4244: 'argumento': conversão de 'double' para 'float', possível perda de dados
C:\ITA\Prof\CMC12\EXAME\Rede Neural - Backup_v2\Rede Neural\drone.cpp(45,52): warning C4244: 'argumento': conversão de 'double' para 'float', possível perda de dados
C:\ITA\Prof\CMC12\EXAME\Rede Neural - Backup_v2\Rede Neural\drone.cpp(46,58): warning C4244: 'argumento': conversão de 'double' para 'float', possível perda de dados
C:\ITA\Prof\CMC12\EXAME\Rede Neural - Backup_v2\Rede Neural\drone.cpp(47,49): warning C4244: 'argumento': conversão de 'double' para 'T', possível perda de dados
C:\ITA\Prof\CMC12\EXAME\Rede Neural - Backup_v2\Rede Neural\drone.cpp(47,49): warning C4244:         with
C:\ITA\Prof\CMC12\EXAME\Rede Neural - Backup_v2\Rede Neural\drone.cpp(47,49): warning C4244:         [
C:\ITA\Prof\CMC12\EXAME\Rede Neural - Backup_v2\Rede Neural\drone.cpp(47,49): warning C4244:             T=float
C:\ITA\Prof\CMC12\EXAME\Rede Neural - Backup_v2\Rede Neural\drone.cpp(47,49): warning C4244:         ]
C:\ITA\Prof\CMC12\EXAME\Rede Neural - Backup_v2\Rede Neural\drone.cpp(48,98): warning C4244: 'argumento': conversão de 'double' para 'float', possível perda de dados
C:\ITA\Prof\CMC12\EXAME\Rede Neural - Backup_v2\Rede Neural\drone.cpp(48,53): warning C4244: 'argumento': conversão de 'double' para 'float', possível perda de dados
C:\ITA\Prof\CMC12\EXAME\Rede Neural - Backup_v2\Rede Neural\drone.cpp(49,59): warning C4244: 'argumento': conversão de 'double' para 'float', possível perda de dados
C:\Program Files\Microsoft Visual Studio\2022\Community\VC\Tools\MSVC\14.40.33807\include\numbers(11): warning STL4038: The contents of <numbers> are available only with C++20 or later.
  Main.cpp
  Target.cpp
C:\ITA\Prof\CMC12\EXAME\Rede Neural - Backup_v2\Rede Neural\Target.cpp(18,48): warning C4244: 'argumento': conversão de 'const double' para 'float', possível perda de dados
C:\ITA\Prof\CMC12\EXAME\Rede Neural - Backup_v2\Rede Neural\Target.cpp(18,36): warning C4244: 'argumento': conversão de 'const double' para 'float', possível perda de dados
  Gerando Código...
  Rede Neural.vcxproj -> C:\ITA\Prof\CMC12\EXAME\Rede Neural - Backup_v2\x64\Debug\Rede Neural.exe
